
T7892.hs:5:4: Couldn't match kind ‘*’ against ‘* -> *’
