
SafeFlags23.hs:1:16: Warning:
    ‘SafeFlags22’ has been inferred as unsafe!
    Reason:
        SafeFlags23.hs:7:1:
            System.IO.Unsafe: Can't be safely imported!
            The module itself isn't safe.

<no location info>: 
Failing due to -Werror.
