
unidir.hs:4:18:
    Right-hand side of bidirectional pattern synonym cannot be used as an expression
      x : _
