
SimpleFail6.hs:7:11:
    Conflicting definitions for ‘a’
    Bound at: SimpleFail6.hs:7:11
              SimpleFail6.hs:7:13
