
mod1.hs:3:1:
    Failed to load interface for ‘N’
    Use -v to see a list of the files searched for.
