
mod127.hs:6:6: Not in scope: type constructor or class ‘T’
