
mod29.hs:6:12: Not in scope: type constructor or class ‘Char’
