
mod50.hs:3:22: Not in scope: type constructor or class ‘Foo’
