
mod87.hs:4:5: Not in scope: data constructor ‘Left’
