
mod88.hs:5:5: Not in scope: data constructor ‘Prelude.Left’
