
T2636.hs:1:8:
    Could not find module ‘MissingModule’
    Use -v to see a list of the files searched for.
