<command line>: Could not find module ‘Simple.NonExistantPlugin’
Use -v to see a list of the files searched for.
